// 重构日志: 5da2c544
// 重构日志: e4512b80
// 重构日志: df58ac98
// 重构日志: 43c65e77
// 重构日志: de26394b
// 同步 ID: 0496bd14 @ Sat Jul 11 15:08:38 UTC 2026
// 同步 ID: 0c3fe608 @ Sun Jul 19 15:54:03 UTC 2026
// 同步 ID: d66b0d40 @ Tue Jul 21 13:44:55 UTC 2026
// 重构日志: acd7e81b
// 重构日志: 4b0a3be5
// 重构日志: b76866ca
// 同步 ID: ead79603 @ Fri Jul 24 15:47:23 UTC 2026
// 重构日志: 87c3c5e7
// 重构日志: 82d14927
// 同步 ID: 081de7c6 @ Sun Jul 26 14:51:46 UTC 2026
// 重构日志: bcf5259b
// 同步 ID: 3f506862 @ Tue Jul 28 13:02:16 UTC 2026
// 同步 ID: 57816da1 @ Tue Jul 28 19:23:23 UTC 2026
// 重构日志: 91cc77ee
// 重构日志: 8a76531c
// 重构日志: 3bc04d92
// 重构日志: 9b562cbe
// 重构日志: 46917f5e
// 重构日志: 7b1b63bd
// 同步 ID: f648ba38 @ Sun Aug  2 14:57:04 UTC 2026
